[bitcoinbird.io/index.html]
[cdnjs.cloudflare.com/ajax/libs/jquery/3.2.1/jquery.min.js]
[unpkg.com/@metamask/legacy-web3@latest/dist/metamask.web3.min.1.delayed]
[unpkg.com/@metamask/legacy-web3@2.0.0/dist/metamask.web3.min.js]
[backblue.gif]
[fade.gif]
[index.html]
[bitcoinbird.io/favicon.ico]
[bitcoinbird.io/assets/8610061a03822ca1.css]
[bitcoinbird.io/assets/59b986f80812b291.css]
[bitcoinbird.io/assets/d3ed835183f36891.css]
[bitcoinbird.io/assets/logo.svg]
[bitcoinbird.io/assets/main.css]
[bitcoinbird.io/assets/heroText.svg]
[bitcoinbird.io/assets/birds.png]
[bitcoinbird.io/assets/bitcoinbird.png]
[bitcoinbird.io/2.html]
[bitcoinbird.io/assets/transactionImage.png]
[bitcoinbird.io/assets/failedTransaction.png]
[bitcoinbird.io/index.html]
[bitcoinbird.io/assets/logo3.svg]
[bitcoinbird.io/fonts/Gilroy-Regular.woff]
[bitcoinbird.io/fonts/Gilroy-Medium.woff]
[bitcoinbird.io/fonts/Gilroy-Semibold.woff2]
[bitcoinbird.io/fonts/Gilroy-Bold.woff]
[bitcoinbird.io/assets/heroLight.png]
[bitcoinbird.io/assets/bg.png]
[bitcoinbird.io/assets/heroDark.png]
[bitcoinbird.io/assets/bitcoin.png]
[bitcoinbird.io/assets/roadmap_mask.png]
[bitcoinbird.io/assets/aboutBackg.png]
[bitcoinbird.io/assets/8610061a03822ca1.css]
[bitcoinbird.io/assets/59b986f80812b291.css]
[bitcoinbird.io/assets/d3ed835183f36891.css]
[bitcoinbird.io/assets/logo.svg]
[bitcoinbird.io/assets/Gilroy-Regular.woff]
[bitcoinbird.io/assets/Gilroy-Medium.woff]
[bitcoinbird.io/assets/Gilroy-Semibold.woff2]
[bitcoinbird.io/assets/Gilroy-Bold.woff]
[bitcoinbird.io/assets/main.css]
[bitcoinbird.io/assets/heroText.svg]
[bitcoinbird.io/index-2.html]
[bitcoinbird.io/2.html]
[bitcoinbird.io/assets/logo3.svg]
[bitcoinbird.io/fonts/Gilroy-Regular.html]
[bitcoinbird.io/fonts/Gilroy-Medium.html]
[bitcoinbird.io/fonts/Gilroy-Semibold.html]
[bitcoinbird.io/fonts/Gilroy-Bold.html]
[bitcoinbird.io/assets/heroLight.html]
[bitcoinbird.io/assets/aboutBackg.html]
[bitcoinbird.io/index-2.html]
[bitcoinbird.io/3.html]
[bitcoinbird.io/3.html]
